// Jest Snapshot v1, https://goo.gl/fbAQLP

exports[`Should Render GoBackHome Component 1`] = `
<div
  className="Button__ButtonComponent-sc-1b5ft91-0 hSlJrW"
  onClick={[Function]}
>
  <div
    className="Text__TextComponent-sc-1bxt3zu-0 khpdy"
  >
    Go Back Home
  </div>
</div>
`;
