// Jest Snapshot v1, https://goo.gl/fbAQLP

exports[`Should render Image component 1`] = `
<div
  className="Image__ImageComponent-sc-1qzvlhi-0 dVccGO"
  height={200}
/>
`;
