// Jest Snapshot v1, https://goo.gl/fbAQLP

exports[`Should Render Screen Component 1`] = `
<div
  className="Screen__ScreenComponent-sc-182dw2i-0 iWQuAI"
/>
`;
