// Jest Snapshot v1, https://goo.gl/fbAQLP

exports[`Should render Button component 1`] = `
<div
  className="Button__ButtonComponent-sc-1b5ft91-0 hSlJrW"
>
  <div
    className="Text__TextComponent-sc-1bxt3zu-0 iOCDGX"
  >
    I'm Andy Ng
  </div>
</div>
`;
