// Jest Snapshot v1, https://goo.gl/fbAQLP

exports[`Should Render Divider Component 1`] = `
<div
  className="Divider__DividerComponent-sc-1m9b2q8-0 bSmuG"
/>
`;
