// Jest Snapshot v1, https://goo.gl/fbAQLP

exports[`Should render Dialog component 1`] = `null`;
